// Jest Snapshot v1, https://goo.gl/fbAQLP

exports[`test should test test 1`] = `"<div>Test</div>"`;
